Removed Pin From Net: NetName=GND Pin=J?-315
Removed Pin From Net: NetName=GND Pin=J?-315
Removed Pin From Net: NetName=GND Pin=J?-315
Removed Pin From Net: NetName=GND Pin=J?-315
Removed Pin From Net: NetName=GND Pin=J?-P2
Removed Pin From Net: NetName=GND Pin=J?-P9
Removed Pin From Net: NetName=GND Pin=J?-P12
Removed Pin From Net: NetName=GND Pin=J?-P15
Removed Pin From Net: NetName=GND Pin=J?-P18
Removed Pin From Net: NetName=GND Pin=J?-P32
Removed Pin From Net: NetName=MPU_SDMMC0_CMD Pin=J?-P34
Removed Pin From Net: NetName=MPU_SD_DETECT Pin=J?-P35
Removed Pin From Net: NetName=MPU_SDMMC0_CK Pin=J?-P36
Removed Pin From Net: NetName=GND Pin=J?-P38
Removed Pin From Net: NetName=MPU_SDMMC0_DAT0 Pin=J?-P39
Removed Pin From Net: NetName=MPU_SDMMC0_DAT1 Pin=J?-P40
Removed Pin From Net: NetName=MPU_SDMMC0_DAT2 Pin=J?-P41
Removed Pin From Net: NetName=MPU_SDMMC0_DAT3 Pin=J?-P42
Removed Pin From Net: NetName=SPI0_CS Pin=J?-P43
Removed Pin From Net: NetName=SPI0_CLK Pin=J?-P44
Removed Pin From Net: NetName=SPI0_MISO Pin=J?-P45
Removed Pin From Net: NetName=SPI0_MOSI Pin=J?-P46
Removed Pin From Net: NetName=GND Pin=J?-P47
Removed Pin From Net: NetName=GND Pin=J?-P50
Removed Pin From Net: NetName=GND Pin=J?-P53
Removed Pin From Net: NetName=QSPI0_CS Pin=J?-P54
Removed Pin From Net: NetName=QSPI0_CLK Pin=J?-P56
Removed Pin From Net: NetName=QSPI0_IO1 Pin=J?-P57
Removed Pin From Net: NetName=QSPI0_IO0 Pin=J?-P58
Removed Pin From Net: NetName=GND Pin=J?-P59
Removed Pin From Net: NetName=USB0_D_P Pin=J?-P60
Removed Pin From Net: NetName=USB0_D_N Pin=J?-P61
Removed Pin From Net: NetName=USB1_D_P Pin=J?-P65
Removed Pin From Net: NetName=USB1_D_N Pin=J?-P66
Removed Pin From Net: NetName=GND Pin=J?-P68
Removed Pin From Net: NetName=USB2_D_P Pin=J?-P69
Removed Pin From Net: NetName=USB2_D_N Pin=J?-P70
Removed Pin From Net: NetName=GND Pin=J?-P79
Removed Pin From Net: NetName=GND Pin=J?-P82
Removed Pin From Net: NetName=GND Pin=J?-P85
Removed Pin From Net: NetName=GND Pin=J?-P88
Removed Pin From Net: NetName=GND Pin=J?-P91
Removed Pin From Net: NetName=GND Pin=J?-P94
Removed Pin From Net: NetName=GND Pin=J?-P97
Removed Pin From Net: NetName=GND Pin=J?-P100
Removed Pin From Net: NetName=GND Pin=J?-P103
Removed Pin From Net: NetName=SMARC_GPIO0 Pin=J?-P108
Removed Pin From Net: NetName=SMARC_GPIO1 Pin=J?-P109
Removed Pin From Net: NetName=SMARC_GPIO2 Pin=J?-P110
Removed Pin From Net: NetName=SMARC_GPIO3 Pin=J?-P111
Removed Pin From Net: NetName=SMARC_GPIO4 Pin=J?-P112
Removed Pin From Net: NetName=SMARC_GPIO5 Pin=J?-P113
Removed Pin From Net: NetName=SMARC_GPIO6 Pin=J?-P114
Removed Pin From Net: NetName=SMARC_GPIO7 Pin=J?-P115
Removed Pin From Net: NetName=SMARC_GPIO8 Pin=J?-P116
Removed Pin From Net: NetName=SMARC_GPIO9 Pin=J?-P117
Removed Pin From Net: NetName=SMARC_GPIO10 Pin=J?-P118
Removed Pin From Net: NetName=SMARC_GPIO11 Pin=J?-P119
Removed Pin From Net: NetName=GND Pin=J?-P120
Removed Pin From Net: NetName=SER0_TX Pin=J?-P129
Removed Pin From Net: NetName=SER0_RX Pin=J?-P130
Removed Pin From Net: NetName=SER0_RTS Pin=J?-P131
Removed Pin From Net: NetName=SER0_CTS Pin=J?-P132
Removed Pin From Net: NetName=GND Pin=J?-P133
Removed Pin From Net: NetName=SER1_TX Pin=J?-P134
Removed Pin From Net: NetName=SER1_RX Pin=J?-P135
Removed Pin From Net: NetName=DBGU_TX Pin=J?-P136
Removed Pin From Net: NetName=DBGU_RX Pin=J?-P137
Removed Pin From Net: NetName=GND Pin=J?-P142
Removed Pin From Net: NetName=CAN0_TX Pin=J?-P143
Removed Pin From Net: NetName=CAN0_RX Pin=J?-P144
Removed Pin From Net: NetName=5V Pin=J?-P147
Removed Pin From Net: NetName=5V Pin=J?-P148
Removed Pin From Net: NetName=5V Pin=J?-P149
Removed Pin From Net: NetName=5V Pin=J?-P150
Removed Pin From Net: NetName=5V Pin=J?-P151
Removed Pin From Net: NetName=5V Pin=J?-P152
Removed Pin From Net: NetName=5V Pin=J?-P153
Removed Pin From Net: NetName=5V Pin=J?-P154
Removed Pin From Net: NetName=5V Pin=J?-P155
Removed Pin From Net: NetName=5V Pin=J?-P156
Removed Pin From Net: NetName=GND Pin=J?-S3
Removed Pin From Net: NetName=GND Pin=J?-S10
Removed Pin From Net: NetName=GND Pin=J?-S16
Removed Pin From Net: NetName=GND Pin=J?-S25
Removed Pin From Net: NetName=GND Pin=J?-S34
Removed Pin From Net: NetName=GND Pin=J?-S47
Removed Pin From Net: NetName=I2C_GP_SCL Pin=J?-S48
Removed Pin From Net: NetName=I2C_GP_SDA Pin=J?-S49
Removed Pin From Net: NetName=QSPI0_IO2 Pin=J?-S56
Removed Pin From Net: NetName=QSPI0_IO3 Pin=J?-S57
Removed Pin From Net: NetName=GND Pin=J?-S61
Removed Pin From Net: NetName=GND Pin=J?-S64
Removed Pin From Net: NetName=GND Pin=J?-S67
Removed Pin From Net: NetName=GND Pin=J?-S70
Removed Pin From Net: NetName=GND Pin=J?-S73
Removed Pin From Net: NetName=GND Pin=J?-S80
Removed Pin From Net: NetName=GND Pin=J?-S83
Removed Pin From Net: NetName=GND Pin=J?-S86
Removed Pin From Net: NetName=GND Pin=J?-S89
Removed Pin From Net: NetName=GND Pin=J?-S92
Removed Pin From Net: NetName=GND Pin=J?-S101
Removed Pin From Net: NetName=GND Pin=J?-S110
Removed Pin From Net: NetName=GND Pin=J?-S119
Removed Pin From Net: NetName=GND Pin=J?-S124
Removed Pin From Net: NetName=DSIO0_D0_P Pin=J?-S125
Removed Pin From Net: NetName=DSIO0_D0_N Pin=J?-S126
Removed Pin From Net: NetName=LCD_BKLT_EN Pin=J?-S127
Removed Pin From Net: NetName=DSIO0_D1_P Pin=J?-S128
Removed Pin From Net: NetName=DSIO0_D1_N Pin=J?-S129
Removed Pin From Net: NetName=GND Pin=J?-S130
Removed Pin From Net: NetName=DSIO0_D2_P Pin=J?-S131
Removed Pin From Net: NetName=DSIO0_D2_N Pin=J?-S132
Removed Pin From Net: NetName=LCD_VDD_EN Pin=J?-S133
Removed Pin From Net: NetName=DSIO0_CLK_P Pin=J?-S134
Removed Pin From Net: NetName=DSIO0_CLK_N Pin=J?-S135
Removed Pin From Net: NetName=GND Pin=J?-S136
Removed Pin From Net: NetName=DSIO0_D3_P Pin=J?-S137
Removed Pin From Net: NetName=DSIO0_D3_N Pin=J?-S138
Removed Pin From Net: NetName=LCD_BKLT_PWM Pin=J?-S141
Removed Pin From Net: NetName=GND Pin=J?-S143
Removed Pin From Net: NetName=DSIO0_DSI_TE Pin=J?-S144
Removed Pin From Net: NetName=5V Pin=J?-S147
Removed Pin From Net: NetName=GND Pin=J?-S158
Removed Member From Class: ClassName=SMARC Pinout-1 Member=J?
Change Component Designator: OldDesignator=J? NewDesignator=J3
Added Pin To Net: NetName=GND Pin=J3-315
Added Pin To Net: NetName=GND Pin=J3-315
Added Pin To Net: NetName=GND Pin=J3-315
Added Pin To Net: NetName=GND Pin=J3-315
Added Pin To Net: NetName=GND Pin=J3-P2
Added Pin To Net: NetName=GND Pin=J3-P9
Added Pin To Net: NetName=GND Pin=J3-P12
Added Pin To Net: NetName=GND Pin=J3-P15
Added Pin To Net: NetName=GND Pin=J3-P18
Added Pin To Net: NetName=GND Pin=J3-P32
Added Pin To Net: NetName=MPU_SDMMC0_CMD Pin=J3-P34
Added Pin To Net: NetName=MPU_SD_DETECT Pin=J3-P35
Added Pin To Net: NetName=MPU_SDMMC0_CK Pin=J3-P36
Added Pin To Net: NetName=GND Pin=J3-P38
Added Pin To Net: NetName=MPU_SDMMC0_DAT0 Pin=J3-P39
Added Pin To Net: NetName=MPU_SDMMC0_DAT1 Pin=J3-P40
Added Pin To Net: NetName=MPU_SDMMC0_DAT2 Pin=J3-P41
Added Pin To Net: NetName=MPU_SDMMC0_DAT3 Pin=J3-P42
Added Pin To Net: NetName=SPI0_CS Pin=J3-P43
Added Pin To Net: NetName=SPI0_CLK Pin=J3-P44
Added Pin To Net: NetName=SPI0_MISO Pin=J3-P45
Added Pin To Net: NetName=SPI0_MOSI Pin=J3-P46
Added Pin To Net: NetName=GND Pin=J3-P47
Added Pin To Net: NetName=GND Pin=J3-P50
Added Pin To Net: NetName=GND Pin=J3-P53
Added Pin To Net: NetName=QSPI0_CS Pin=J3-P54
Added Pin To Net: NetName=QSPI0_CLK Pin=J3-P56
Added Pin To Net: NetName=QSPI0_IO1 Pin=J3-P57
Added Pin To Net: NetName=QSPI0_IO0 Pin=J3-P58
Added Pin To Net: NetName=GND Pin=J3-P59
Added Pin To Net: NetName=USB0_D_P Pin=J3-P60
Added Pin To Net: NetName=USB0_D_N Pin=J3-P61
Added Pin To Net: NetName=USB1_D_P Pin=J3-P65
Added Pin To Net: NetName=USB1_D_N Pin=J3-P66
Added Pin To Net: NetName=GND Pin=J3-P68
Added Pin To Net: NetName=USB2_D_P Pin=J3-P69
Added Pin To Net: NetName=USB2_D_N Pin=J3-P70
Added Pin To Net: NetName=GND Pin=J3-P79
Added Pin To Net: NetName=GND Pin=J3-P82
Added Pin To Net: NetName=GND Pin=J3-P85
Added Pin To Net: NetName=GND Pin=J3-P88
Added Pin To Net: NetName=GND Pin=J3-P91
Added Pin To Net: NetName=GND Pin=J3-P94
Added Pin To Net: NetName=GND Pin=J3-P97
Added Pin To Net: NetName=GND Pin=J3-P100
Added Pin To Net: NetName=GND Pin=J3-P103
Added Pin To Net: NetName=SMARC_GPIO0 Pin=J3-P108
Added Pin To Net: NetName=SMARC_GPIO1 Pin=J3-P109
Added Pin To Net: NetName=SMARC_GPIO2 Pin=J3-P110
Added Pin To Net: NetName=SMARC_GPIO3 Pin=J3-P111
Added Pin To Net: NetName=SMARC_GPIO4 Pin=J3-P112
Added Pin To Net: NetName=SMARC_GPIO5 Pin=J3-P113
Added Pin To Net: NetName=SMARC_GPIO6 Pin=J3-P114
Added Pin To Net: NetName=SMARC_GPIO7 Pin=J3-P115
Added Pin To Net: NetName=SMARC_GPIO8 Pin=J3-P116
Added Pin To Net: NetName=SMARC_GPIO9 Pin=J3-P117
Added Pin To Net: NetName=SMARC_GPIO10 Pin=J3-P118
Added Pin To Net: NetName=SMARC_GPIO11 Pin=J3-P119
Added Pin To Net: NetName=GND Pin=J3-P120
Added Pin To Net: NetName=SER0_TX Pin=J3-P129
Added Pin To Net: NetName=SER0_RX Pin=J3-P130
Added Pin To Net: NetName=SER0_RTS Pin=J3-P131
Added Pin To Net: NetName=SER0_CTS Pin=J3-P132
Added Pin To Net: NetName=GND Pin=J3-P133
Added Pin To Net: NetName=SER1_TX Pin=J3-P134
Added Pin To Net: NetName=SER1_RX Pin=J3-P135
Added Pin To Net: NetName=DBGU_TX Pin=J3-P136
Added Pin To Net: NetName=DBGU_RX Pin=J3-P137
Added Pin To Net: NetName=GND Pin=J3-P142
Added Pin To Net: NetName=CAN0_TX Pin=J3-P143
Added Pin To Net: NetName=CAN0_RX Pin=J3-P144
Added Pin To Net: NetName=5V Pin=J3-P147
Added Pin To Net: NetName=5V Pin=J3-P148
Added Pin To Net: NetName=5V Pin=J3-P149
Added Pin To Net: NetName=5V Pin=J3-P150
Added Pin To Net: NetName=5V Pin=J3-P151
Added Pin To Net: NetName=5V Pin=J3-P152
Added Pin To Net: NetName=5V Pin=J3-P153
Added Pin To Net: NetName=5V Pin=J3-P154
Added Pin To Net: NetName=5V Pin=J3-P155
Added Pin To Net: NetName=5V Pin=J3-P156
Added Pin To Net: NetName=GND Pin=J3-S3
Added Pin To Net: NetName=GND Pin=J3-S10
Added Pin To Net: NetName=GND Pin=J3-S16
Added Pin To Net: NetName=GND Pin=J3-S25
Added Pin To Net: NetName=GND Pin=J3-S34
Added Pin To Net: NetName=GND Pin=J3-S47
Added Pin To Net: NetName=I2C_GP_SCL Pin=J3-S48
Added Pin To Net: NetName=I2C_GP_SDA Pin=J3-S49
Added Pin To Net: NetName=QSPI0_IO2 Pin=J3-S56
Added Pin To Net: NetName=QSPI0_IO3 Pin=J3-S57
Added Pin To Net: NetName=GND Pin=J3-S61
Added Pin To Net: NetName=GND Pin=J3-S64
Added Pin To Net: NetName=GND Pin=J3-S67
Added Pin To Net: NetName=GND Pin=J3-S70
Added Pin To Net: NetName=GND Pin=J3-S73
Added Pin To Net: NetName=GND Pin=J3-S80
Added Pin To Net: NetName=GND Pin=J3-S83
Added Pin To Net: NetName=GND Pin=J3-S86
Added Pin To Net: NetName=GND Pin=J3-S89
Added Pin To Net: NetName=GND Pin=J3-S92
Added Pin To Net: NetName=GND Pin=J3-S101
Added Pin To Net: NetName=GND Pin=J3-S110
Added Pin To Net: NetName=GND Pin=J3-S119
Added Pin To Net: NetName=GND Pin=J3-S124
Added Pin To Net: NetName=DSIO0_D0_P Pin=J3-S125
Added Pin To Net: NetName=DSIO0_D0_N Pin=J3-S126
Added Pin To Net: NetName=LCD_BKLT_EN Pin=J3-S127
Added Pin To Net: NetName=DSIO0_D1_P Pin=J3-S128
Added Pin To Net: NetName=DSIO0_D1_N Pin=J3-S129
Added Pin To Net: NetName=GND Pin=J3-S130
Added Pin To Net: NetName=DSIO0_D2_P Pin=J3-S131
Added Pin To Net: NetName=DSIO0_D2_N Pin=J3-S132
Added Pin To Net: NetName=LCD_VDD_EN Pin=J3-S133
Added Pin To Net: NetName=DSIO0_CLK_P Pin=J3-S134
Added Pin To Net: NetName=DSIO0_CLK_N Pin=J3-S135
Added Pin To Net: NetName=GND Pin=J3-S136
Added Pin To Net: NetName=DSIO0_D3_P Pin=J3-S137
Added Pin To Net: NetName=DSIO0_D3_N Pin=J3-S138
Added Pin To Net: NetName=LCD_BKLT_PWM Pin=J3-S141
Added Pin To Net: NetName=GND Pin=J3-S143
Added Pin To Net: NetName=DSIO0_DSI_TE Pin=J3-S144
Added Pin To Net: NetName=5V Pin=J3-S147
Added Pin To Net: NetName=GND Pin=J3-S158
Added Member To Class: ClassName=SMARC Pinout-1 Member=Component J3 SMARC Conn 314 Female
