Removed Pin From Net: NetName=GND Pin=J9-01
Removed Pin From Net: NetName=5V Pin=J9-02
Removed Pin From Net: NetName=GND Pin=J9-03
Removed Pin From Net: NetName=GND Pin=J9-04
Removed Pin From Net: NetName=SMARC_GPIO0 Pin=J9-05
Removed Pin From Net: NetName=3V3 Pin=J9-06
Removed Pin From Net: NetName=SMARC_GPIO1 Pin=J9-07
Removed Pin From Net: NetName=GND Pin=J9-08
Removed Pin From Net: NetName=SMARC_GPIO2 Pin=J9-09
Removed Pin From Net: NetName=SMARC_GPIO3 Pin=J9-11
Removed Pin From Net: NetName=SMARC_GPIO4 Pin=J9-13
Removed Pin From Net: NetName=SER0_TX Pin=J9-14
Removed Pin From Net: NetName=SMARC_GPIO5 Pin=J9-15
Removed Pin From Net: NetName=SER0_RX Pin=J9-16
Removed Pin From Net: NetName=SMARC_GPIO6 Pin=J9-17
Removed Pin From Net: NetName=SER0_RTS Pin=J9-18
Removed Pin From Net: NetName=I2C_PM_SCL Pin=J9-19
Removed Pin From Net: NetName=SER0_CTS Pin=J9-20
Removed Pin From Net: NetName=I2C_PM_SDA Pin=J9-21
Removed Pin From Net: NetName=SER1_TX Pin=J9-22
Removed Pin From Net: NetName=SMARC_NRST Pin=J9-23
Removed Pin From Net: NetName=SER1_RX Pin=J9-24
Removed Pin From Net: NetName=QSPI0_IO3 Pin=P1-1
Removed Pin From Net: NetName=QSPI0_IO2 Pin=P1-2
Removed Pin From Net: NetName=SPI0_MOSI Pin=P1-3
Removed Pin From Net: NetName=QSPI0_IO0 Pin=P1-4
Removed Pin From Net: NetName=SPI0_MISO Pin=P1-5
Removed Pin From Net: NetName=QSPI0_IO1 Pin=P1-6
Removed Pin From Net: NetName=SPI0_CLK Pin=P1-7
Removed Pin From Net: NetName=QSPI0_CLK Pin=P1-8
Removed Pin From Net: NetName=SPI0_CS Pin=P1-9
Removed Pin From Net: NetName=QSPI0_CS Pin=P1-10
Removed Pin From Net: NetName=GND Pin=P1-11
Removed Pin From Net: NetName=GND Pin=P1-12
Change Component Footprint: Designator=J9 Old Footprint=AMPHENOL_10129381-924001BLF New Footprint=FP-TSW-117-07-G-D-MFG
Change Component Comment : Designator=J9 Old Comment=10129381-924001BLF New Comment=TSW-117-07-G-D
Change Managed Component Library Link : Designator=J9 Old VaultGUID= New VaultGUID=B7D15EC3-160A-466F-A46C-7801FE6295A7 Old ItemGUID= New ItemGUID=7E976BE3-5087-4529-87E3-6D356ECDCC1C Old RevisionGUID= New RevisionGUID=0E3206AB-5456-4AB3-9B81-C64A065361DE
Change component parameters: Designator = "J9" ("J9"); Footprint = "AMPHENOL_10129381-924001BLF"; UniqueID = "\JNGUFULT" ("\JNGUFULT")
Change component parameters (AddParameter): Name = "Automotive"; Value = "No"; VariantName = "[No Variations]"
Change component parameters (AddParameter): Name = "Category"; Value = "Conn"; VariantName = "[No Variations]"
Change component parameters (AddParameter): Name = "ComponentLink2Description"; Value = "Datasheet"; VariantName = "[No Variations]"
Change component parameters (AddParameter): Name = "ComponentLink2URL"; Value = "http://suddendocs.samtec.com/prints/tsw-xxx-xx-xxx-x-xx-xxx-mkt.pdf"; VariantName = "[No Variations]"
Change component parameters (AddParameter): Name = "Conn Gender"; Value = "Male"; VariantName = "[No Variations]"
Change component parameters (AddParameter): Name = "Conn Orientation"; Value = "Vertical"; VariantName = "[No Variations]"
Change component parameters (AddParameter): Name = "Contact Material"; Value = "Gold,Nickel"; VariantName = "[No Variations]"
Change component parameters (AddParameter): Name = "Current Rating"; Value = "6.3A"; VariantName = "[No Variations]"
Change component parameters (AddParameter): Name = "Device Class L1"; Value = "Connectors"; VariantName = "[No Variations]"
Change component parameters (AddParameter): Name = "Device Class L2"; Value = "Headers and Wire Housings"; VariantName = "[No Variations]"
Change component parameters (AddParameter): Name = "Device Class L3"; Value = "unset"; VariantName = "[No Variations]"
Change component parameters (AddParameter): Name = "Digikey Description"; Value = "CONN HEADER VERT 34POS 2.54MM"; VariantName = "[No Variations]"
Change component parameters (AddParameter): Name = "Footprint Url"; Value = "http://suddendocs.samtec.com/prints/tsw-xxx-xx-x-x-xx-xxx-footprint.pdf"; VariantName = "[No Variations]"
Change component parameters (AddParameter): Name = "Height"; Value = "8.71mm"; VariantName = "[No Variations]"
Change component parameters (AddParameter): Name = "Lead Free"; Value = "No"; VariantName = "[No Variations]"
Change component parameters (AddParameter): Name = "Manufacturer"; Value = "Samtec"; VariantName = "[No Variations]"
Change component parameters (AddParameter): Name = "Manufacturer Part Number"; Value = "TSW-117-07-G-D"; VariantName = "[No Variations]"
Change component parameters (AddParameter): Name = "Number Of Contacts"; Value = "34"; VariantName = "[No Variations]"
Change component parameters (AddParameter): Name = "Number Of Rows"; Value = "2"; VariantName = "[No Variations]"
Change component parameters (AddParameter): Name = "Octopart"; Value = "https://octopart.com/tsw-117-07-g-d-samtec-272162"; VariantName = "[No Variations]"
Change component parameters (AddParameter): Name = "Package"; Value = "TSW-117-07-G-D"; VariantName = "[No Variations]"
Change component parameters (AddParameter): Name = "Pitch"; Value = "2.54mm"; VariantName = "[No Variations]"
Change component parameters (AddParameter): Name = "RoHS"; Value = "TRUE"; VariantName = "[No Variations]"
Change component parameters (AddParameter): Name = "Temperature"; Value = "-55°C to +125°C"; VariantName = "[No Variations]"
Change component parameters (AddParameter): Name = "Temperature Range High"; Value = "+125°C"; VariantName = "[No Variations]"
Change component parameters (AddParameter): Name = "Temperature Range Low"; Value = "-55°C"; VariantName = "[No Variations]"
Change component parameters (AddParameter): Name = "Voltage Rating"; Value = "550V"; VariantName = "[No Variations]"
Added Pin To Net: NetName=SMARC_NRST Pin=J9-1
Added Pin To Net: NetName=5V Pin=J9-2
Added Pin To Net: NetName=SER0_TX Pin=J9-3
Added Pin To Net: NetName=GND Pin=J9-4
Added Pin To Net: NetName=SER0_RX Pin=J9-5
Added Pin To Net: NetName=3V3 Pin=J9-6
Added Pin To Net: NetName=SER0_RTS Pin=J9-7
Added Pin To Net: NetName=GND Pin=J9-8
Added Pin To Net: NetName=SER0_CTS Pin=J9-9
Added Pin To Net: NetName=SER1_TX Pin=J9-11
Added Pin To Net: NetName=SER1_RX Pin=J9-13
Added Pin To Net: NetName=I2C_PM_SCL Pin=J9-14
Added Pin To Net: NetName=QSPI0_IO3 Pin=J9-15
Added Pin To Net: NetName=I2C_PM_SDA Pin=J9-16
Added Pin To Net: NetName=QSPI0_IO2 Pin=J9-17
Added Pin To Net: NetName=SMARC_GPIO0 Pin=J9-18
Added Pin To Net: NetName=QSPI0_IO0 Pin=J9-19
Added Pin To Net: NetName=SMARC_GPIO1 Pin=J9-20
Added Pin To Net: NetName=QSPI0_IO1 Pin=J9-21
Added Pin To Net: NetName=SMARC_GPIO2 Pin=J9-22
Added Pin To Net: NetName=QSPI0_CLK Pin=J9-23
Added Pin To Net: NetName=SMARC_GPIO3 Pin=J9-24
Added Pin To Net: NetName=QSPI0_CS Pin=J9-25
Added Pin To Net: NetName=SMARC_GPIO4 Pin=J9-26
Added Pin To Net: NetName=SPI0_MOSI Pin=J9-27
Added Pin To Net: NetName=SMARC_GPIO5 Pin=J9-28
Added Pin To Net: NetName=SPI0_MISO Pin=J9-29
Added Pin To Net: NetName=SMARC_GPIO6 Pin=J9-30
Added Pin To Net: NetName=SPI0_CLK Pin=J9-31
Added Pin To Net: NetName=GND Pin=J9-32
Added Pin To Net: NetName=SPI0_CS Pin=J9-33
Added Pin To Net: NetName=GND Pin=J9-34
Added Member To Class: ClassName=Headers Member=Component J9 TSW-117-07-G-D
