Removed Pin From Net: NetName=SMARC_NRST Pin=J9-1
Removed Pin From Net: NetName=SER0_TX Pin=J9-3
Removed Pin From Net: NetName=GND Pin=J9-4
Removed Pin From Net: NetName=SER0_RX Pin=J9-5
Removed Pin From Net: NetName=3V3 Pin=J9-6
Removed Pin From Net: NetName=SER0_RTS Pin=J9-7
Removed Pin From Net: NetName=SER0_CTS Pin=J9-9
Removed Pin From Net: NetName=1V8 Pin=J9-10
Removed Pin From Net: NetName=SER1_TX Pin=J9-11
Removed Pin From Net: NetName=GND Pin=J9-12
Removed Pin From Net: NetName=SER1_RX Pin=J9-13
Removed Pin From Net: NetName=I2C_PM_SCL Pin=J9-14
Removed Pin From Net: NetName=QSPI0_IO3 Pin=J9-15
Removed Pin From Net: NetName=SMARC_GPIO0 Pin=J9-18
Removed Pin From Net: NetName=QSPI0_IO0 Pin=J9-19
Removed Pin From Net: NetName=SMARC_GPIO1 Pin=J9-20
Removed Pin From Net: NetName=QSPI0_IO1 Pin=J9-21
Removed Pin From Net: NetName=QSPI0_CLK Pin=J9-23
Removed Pin From Net: NetName=SMARC_GPIO3 Pin=J9-24
Removed Pin From Net: NetName=QSPI0_CS Pin=J9-25
Removed Pin From Net: NetName=SMARC_GPIO4 Pin=J9-26
Removed Pin From Net: NetName=SPI0_MOSI Pin=J9-27
Removed Pin From Net: NetName=SMARC_GPIO5 Pin=J9-28
Removed Pin From Net: NetName=SPI0_MISO Pin=J9-29
Removed Pin From Net: NetName=SMARC_GPIO6 Pin=J9-30
Removed Pin From Net: NetName=SPI0_CLK Pin=J9-31
Removed Pin From Net: NetName=GND Pin=J9-32
Removed Pin From Net: NetName=GND Pin=J9-34
Added Pin To Net: NetName=GND Pin=J9-1
Added Pin To Net: NetName=GND Pin=J9-3
Added Pin To Net: NetName=3V3 Pin=J9-4
Added Pin To Net: NetName=GND Pin=J9-5
Added Pin To Net: NetName=1V8 Pin=J9-6
Added Pin To Net: NetName=GND Pin=J9-7
Added Pin To Net: NetName=SER1_RX Pin=J9-9
Added Pin To Net: NetName=SER1_TX Pin=J9-10
Added Pin To Net: NetName=SER0_CTS Pin=J9-11
Added Pin To Net: NetName=SER0_RTS Pin=J9-12
Added Pin To Net: NetName=SER0_RX Pin=J9-13
Added Pin To Net: NetName=SER0_TX Pin=J9-14
Added Pin To Net: NetName=I2C_PM_SDA Pin=J9-15
Added Pin To Net: NetName=SMARC_GPIO6 Pin=J9-18
Added Pin To Net: NetName=SMARC_GPIO5 Pin=J9-19
Added Pin To Net: NetName=SMARC_GPIO4 Pin=J9-20
Added Pin To Net: NetName=SMARC_GPIO3 Pin=J9-21
Added Pin To Net: NetName=SMARC_GPIO1 Pin=J9-23
Added Pin To Net: NetName=SMARC_GPIO2 Pin=J9-24
Added Pin To Net: NetName=QSPI0_IO2 Pin=J9-25
Added Pin To Net: NetName=QSPI0_IO3 Pin=J9-26
Added Pin To Net: NetName=SPI0_CS Pin=J9-27
Added Pin To Net: NetName=QSPI0_IO0 Pin=J9-28
Added Pin To Net: NetName=SPI0_CLK Pin=J9-29
Added Pin To Net: NetName=QSPI0_IO1 Pin=J9-30
Added Pin To Net: NetName=SPI0_MISO Pin=J9-31
Added Pin To Net: NetName=QSPI0_CLK Pin=J9-32
Added Pin To Net: NetName=QSPI0_CS Pin=J9-34
Added Member To Class: ClassName=Headers Member=Component J9 TSW-117-07-G-D
