Removed Pin From Net: NetName=USB_VBUS Pin=C5-2
Removed Pin From Net: NetName=USB_VBUS Pin=C6-2
Removed Pin From Net: NetName=USB_VBUS Pin=C12-2
Removed Pin From Net: NetName=USB_VBUS Pin=C13-2
Removed Pin From Net: NetName=USB_VBUS Pin=D3-1
Removed Pin From Net: NetName=USB_VBUS Pin=J2-A4-B9
Removed Pin From Net: NetName=USB_VBUS Pin=J2-A9-B4
Removed Pin From Net: NetName=USB_VBUS Pin=R9-2
Removed Pin From Net: NetName=USB_VBUS Pin=R10-2
Removed Pin From Net: NetName=USB_VBUS Pin=R11-2
Removed Pin From Net: NetName=USB_VBUS Pin=U3-17
Removed Pin From Net: NetName=USB_VBUS Pin=U4-3
Added Component: Designator=C17(CAP-0805)
Added Component: Designator=C18(CAP-0603)
Added Component: Designator=C19(CAP-0603)
Added Component: Designator=C20(CAP-0805)
Added Component: Designator=R12(RES-0603)
Added Component: Designator=R13(RES-0603)
Added Component: Designator=U6(FP-DDF0008A-MFG)
Added Pin To Net: NetName=GND Pin=C17-1
Added Pin To Net: NetName=GND Pin=C18-1
Added Pin To Net: NetName=GND Pin=C19-1
Added Pin To Net: NetName=1V8 Pin=C19-2
Added Pin To Net: NetName=GND Pin=C20-1
Added Pin To Net: NetName=1V8 Pin=C20-2
Added Pin To Net: NetName=GBE0_LINK1000# Pin=J4-12
Added Pin To Net: NetName=GBE0_LINK_ACT# Pin=J4-14
Added Pin To Net: NetName=3V3 Pin=R12-2
Added Pin To Net: NetName=3V3 Pin=R13-2
Added Pin To Net: NetName=CAN0_RX Pin=U6-1
Added Pin To Net: NetName=GND Pin=U6-2
Added Pin To Net: NetName=CAN0_TX Pin=U6-4
Added Pin To Net: NetName=1V8 Pin=U6-5
Added Pin To Net: NetName=GND Pin=U6-8
Change Net Color : Old Net Color=RGB(158, 161, 117) New Net Color=RGB(255, 102, 153)
Change Net Color : Old Net Color=RGB(158, 161, 117) New Net Color=RGB(255, 102, 153)
Change Net Color : Old Net Color=RGB(158, 161, 117) New Net Color=RGB(0, 190, 0)
Change Net Color : Old Net Color=RGB(158, 161, 117) New Net Color=RGB(0, 190, 0)
Change Net Color : Old Net Color=RGB(158, 161, 117) New Net Color=RGB(0, 190, 0)
Change Net Color : Old Net Color=RGB(158, 161, 117) New Net Color=RGB(0, 190, 0)
Change Net Color : Old Net Color=RGB(158, 161, 117) New Net Color=RGB(0, 190, 0)
Change Net Color : Old Net Color=RGB(158, 161, 117) New Net Color=RGB(0, 190, 0)
Change Net Color : Old Net Color=RGB(158, 161, 117) New Net Color=RGB(165, 0, 33)
Change Net Color : Old Net Color=RGB(158, 161, 117) New Net Color=RGB(165, 0, 33)
Change Net Color : Old Net Color=RGB(158, 161, 117) New Net Color=RGB(165, 0, 33)
Change Net Color : Old Net Color=RGB(158, 161, 117) New Net Color=RGB(165, 0, 33)
Change Net Color : Old Net Color=RGB(158, 161, 117) New Net Color=RGB(165, 0, 33)
Change Net Color : Old Net Color=RGB(158, 161, 117) New Net Color=RGB(165, 0, 33)
Change Net Color : Old Net Color=RGB(158, 161, 117) New Net Color=RGB(165, 0, 33)
Change Net Color : Old Net Color=RGB(158, 161, 117) New Net Color=RGB(165, 0, 33)
Change Net Color : Old Net Color=RGB(158, 161, 117) New Net Color=RGB(165, 0, 33)
Change Net Color : Old Net Color=RGB(158, 161, 117) New Net Color=RGB(165, 0, 33)
Change Net Color : Old Net Color=RGB(158, 161, 117) New Net Color=RGB(165, 0, 33)
Change Net Color : Old Net Color=RGB(158, 161, 117) New Net Color=RGB(165, 0, 33)
Change Net Color : Old Net Color=RGB(158, 161, 117) New Net Color=Yellow
Change Net Color : Old Net Color=RGB(158, 161, 117) New Net Color=Yellow
Change Net Color : Old Net Color=RGB(158, 161, 117) New Net Color=Yellow
Change Net Color : Old Net Color=RGB(158, 161, 117) New Net Color=Yellow
Change Net Color : Old Net Color=RGB(158, 161, 117) New Net Color=Yellow
Change Net Color : Old Net Color=RGB(158, 161, 117) New Net Color=Yellow
Added Pin To Net: NetName=5V Pin=C5-2
Added Pin To Net: NetName=5V Pin=C6-2
Added Pin To Net: NetName=5V Pin=C12-2
Added Pin To Net: NetName=5V Pin=C13-2
Added Pin To Net: NetName=5V Pin=C17-2
Added Pin To Net: NetName=5V Pin=C18-2
Added Pin To Net: NetName=5V Pin=D3-1
Added Pin To Net: NetName=5V Pin=J2-A4-B9
Added Pin To Net: NetName=5V Pin=J2-A9-B4
Added Pin To Net: NetName=5V Pin=R9-2
Added Pin To Net: NetName=5V Pin=R10-2
Added Pin To Net: NetName=5V Pin=R11-2
Added Pin To Net: NetName=5V Pin=U3-17
Added Pin To Net: NetName=5V Pin=U4-3
Added Pin To Net: NetName=5V Pin=U6-3
Added Net: Name=5V
Added Pin To Net: NetName=CAN0_N Pin=U6-6
Added Net: Name=CAN0_N
Added Pin To Net: NetName=CAN0_P Pin=U6-7
Added Net: Name=CAN0_P
Added Pin To Net: NetName=NetJ4_11 Pin=J4-11
Added Pin To Net: NetName=NetJ4_11 Pin=R13-1
Added Net: Name=NetJ4_11
Added Pin To Net: NetName=NetJ4_13 Pin=J4-13
Added Pin To Net: NetName=NetJ4_13 Pin=R12-1
Added Net: Name=NetJ4_13
Added Class: Name=CAN
Added Differential Pair: Name=CAN0
Added Member To Class: ClassName=Ethernet Member=Component R12 100R
Added Member To Class: ClassName=Ethernet Member=Component R13 100R
Added Rule: Name=Schematic Supply Nets_1
