Removed Pin From Net: NetName=MPU_SDMMC0_CMD Pin=J3-P34
Removed Pin From Net: NetName=MPU_SD_DETECT Pin=J3-P35
Removed Pin From Net: NetName=MPU_SDMMC0_DAT0 Pin=J3-P39
Removed Pin From Net: NetName=MPU_SDMMC0_DAT1 Pin=J3-P40
Removed Pin From Net: NetName=MPU_SDMMC0_DAT2 Pin=J3-P41
Removed Pin From Net: NetName=MPU_SDMMC0_DAT3 Pin=J3-P42
Removed Pin From Net: NetName=1V8 Pin=R1-2
Removed Pin From Net: NetName=1V8 Pin=R2-2
Removed Pin From Net: NetName=1V8 Pin=R3-2
Removed Pin From Net: NetName=1V8 Pin=R4-2
Removed Pin From Net: NetName=1V8 Pin=R5-2
Added Component: Designator=C9(CAP-0805)
Added Component: Designator=C31(CAP-0603)
Added Component: Designator=C32(CAP-0603)
Added Component: Designator=C33(CAP-0805)
Added Component: Designator=D6(DF2S10FS,L3M)
Added Component: Designator=R10(RES-0603)
Added Component: Designator=R11(RES-0603)
Added Component: Designator=R18(RES-0603)
Added Component: Designator=R19(RES-0603)
Added Component: Designator=R20(RES-0603)
Added Component: Designator=R21(RES-0603)
Added Component: Designator=U8(TXS02612RTWR)
Add component (AddParameter): Name = "Check_prices"; Value = "https://www.snapeda.com/parts/TXS02612RTWR%20./Texas+Instruments/view-part/?ref=eda"; VariantName = "[No Variations]"
Add component (AddParameter): Name = "MF"; Value = "Texas Instruments"; VariantName = "[No Variations]"
Add component (AddParameter): Name = "MP"; Value = "TXS02612RTWR ."; VariantName = "[No Variations]"
Add component (AddParameter): Name = "Package"; Value = "None"; VariantName = "[No Variations]"
Add component (AddParameter): Name = "SnapEDA_Link"; Value = "https://www.snapeda.com/parts/TXS02612RTWR%20./Texas+Instruments/view-part/?ref=snap"; VariantName = "[No Variations]"
Add component (AddParameter): Name = "Value"; Value = ""; VariantName = "[No Variations]"
Added Pin To Net: NetName=GND Pin=C9-1
Added Pin To Net: NetName=1V8 Pin=C9-2
Added Pin To Net: NetName=GND Pin=C31-1
Added Pin To Net: NetName=1V8 Pin=C31-2
Added Pin To Net: NetName=GND Pin=C32-1
Added Pin To Net: NetName=3V3 Pin=C32-2
Added Pin To Net: NetName=GND Pin=C33-1
Added Pin To Net: NetName=3V3 Pin=C33-2
Added Pin To Net: NetName=USB0_D_P Pin=D6-1
Added Pin To Net: NetName=GND Pin=D6-2
Added Pin To Net: NetName=3V3 Pin=R1-2
Added Pin To Net: NetName=3V3 Pin=R2-2
Added Pin To Net: NetName=3V3 Pin=R3-2
Added Pin To Net: NetName=3V3 Pin=R4-2
Added Pin To Net: NetName=3V3 Pin=R5-2
Added Pin To Net: NetName=GND Pin=R10-1
Added Pin To Net: NetName=1V8 Pin=R11-2
Added Pin To Net: NetName=1V8 Pin=R18-2
Added Pin To Net: NetName=1V8 Pin=R19-2
Added Pin To Net: NetName=1V8 Pin=R20-2
Added Pin To Net: NetName=1V8 Pin=R21-2
Added Pin To Net: NetName=GND Pin=U8-2
Added Pin To Net: NetName=1V8 Pin=U8-5
Added Pin To Net: NetName=GND Pin=U8-11
Added Pin To Net: NetName=MPU_SDMMC0_DAT1 Pin=U8-16
Added Pin To Net: NetName=3V3 Pin=U8-17
Added Pin To Net: NetName=MPU_SDMMC0_DAT0 Pin=U8-18
Added Pin To Net: NetName=MPU_SDMMC0_CMD Pin=U8-20
Added Pin To Net: NetName=3V3 Pin=U8-21
Added Pin To Net: NetName=MPU_SDMMC0_DAT3 Pin=U8-22
Added Pin To Net: NetName=MPU_SDMMC0_DAT2 Pin=U8-23
Added Pin To Net: NetName=GND Pin=U8-25
Change Net Name : Old Net Name=MPU_SD_DETECT New Net Name=SDCARD_CD#
Change Net Name : Old Net Name=MPU_SDMMC0_CMD New Net Name=SDCARD_CMD
Change Net Name : Old Net Name=MPU_SDMMC0_DAT0 New Net Name=SDCARD_DAT0
Change Net Name : Old Net Name=MPU_SDMMC0_DAT1 New Net Name=SDCARD_DAT1
Change Net Name : Old Net Name=MPU_SDMMC0_DAT2 New Net Name=SDCARD_DAT2
Change Net Name : Old Net Name=MPU_SDMMC0_DAT3 New Net Name=SDCARD_DAT3
Added Pin To Net: NetName=NetR10_2 Pin=R10-2
Added Pin To Net: NetName=NetR10_2 Pin=U8-24
Added Net: Name=NetR10_2
Added Pin To Net: NetName=SDCARD_CK Pin=J1-5
Added Pin To Net: NetName=SDCARD_CK Pin=U1-4
Added Pin To Net: NetName=SDCARD_CK Pin=U8-19
Added Net: Name=SDCARD_CK
Added Pin To Net: NetName=SMARC_SDIO_CD# Pin=J3-P35
Added Net: Name=SMARC_SDIO_CD#
Added Pin To Net: NetName=SMARC_SDIO_CK Pin=J3-P36
Added Pin To Net: NetName=SMARC_SDIO_CK Pin=U8-9
Added Net: Name=SMARC_SDIO_CK
Added Pin To Net: NetName=SMARC_SDIO_CMD Pin=J3-P34
Added Pin To Net: NetName=SMARC_SDIO_CMD Pin=R21-1
Added Pin To Net: NetName=SMARC_SDIO_CMD Pin=U8-4
Added Net: Name=SMARC_SDIO_CMD
Added Pin To Net: NetName=SMARC_SDIO_D0 Pin=J3-P39
Added Pin To Net: NetName=SMARC_SDIO_D0 Pin=R20-1
Added Pin To Net: NetName=SMARC_SDIO_D0 Pin=U8-6
Added Net: Name=SMARC_SDIO_D0
Added Pin To Net: NetName=SMARC_SDIO_D1 Pin=J3-P40
Added Pin To Net: NetName=SMARC_SDIO_D1 Pin=R19-1
Added Pin To Net: NetName=SMARC_SDIO_D1 Pin=U8-7
Added Net: Name=SMARC_SDIO_D1
Added Pin To Net: NetName=SMARC_SDIO_D2 Pin=J3-P41
Added Pin To Net: NetName=SMARC_SDIO_D2 Pin=R18-1
Added Pin To Net: NetName=SMARC_SDIO_D2 Pin=U8-1
Added Net: Name=SMARC_SDIO_D2
Added Pin To Net: NetName=SMARC_SDIO_D3 Pin=J3-P42
Added Pin To Net: NetName=SMARC_SDIO_D3 Pin=R11-1
Added Pin To Net: NetName=SMARC_SDIO_D3 Pin=U8-3
Added Net: Name=SMARC_SDIO_D3
Added Member To Class: ClassName=MicroSD Member=Component C9 1uF
Added Member To Class: ClassName=MicroSD Member=Component C31 100nF
Added Member To Class: ClassName=MicroSD Member=Component C32 100nF
Added Member To Class: ClassName=MicroSD Member=Component C33 1uF
Added Member To Class: ClassName=USB Member=Component D6 DF2S10FS,L3M
Added Member To Class: ClassName=MicroSD Member=Component R10 10k
Added Member To Class: ClassName=MicroSD Member=Component R11 4k7
Added Member To Class: ClassName=MicroSD Member=Component R18 4k7
Added Member To Class: ClassName=MicroSD Member=Component R19 4k7
Added Member To Class: ClassName=MicroSD Member=Component R20 4k7
Added Member To Class: ClassName=MicroSD Member=Component R21 4k7
Added Member To Class: ClassName=MicroSD Member=Component U8 TXS02612RTWR
