Added Component: Designator=C85(CAP-0603)
Added Component: Designator=C86(CAP-0603)
Added Component: Designator=Y1(CRYSTAL_ABM8G_ABR)
Add component (AddParameter): Name = "Copyright"; Value = "Copyright (C) 2026 Ultra Librarian. All rights reserved."; VariantName = "[No Variations]"
Add component (AddParameter): Name = "Manufacturer_Name"; Value = "Abracon"; VariantName = "[No Variations]"
Add component (AddParameter): Name = "Manufacturer_Part_Number"; Value = "ABM8G-25.000MHZ-18-D2Y-T"; VariantName = "[No Variations]"
Add component (AddParameter): Name = "RefDes"; Value = "RefDes"; VariantName = "[No Variations]"
Add component (AddParameter): Name = "Type"; Value = "Type"; VariantName = "[No Variations]"
Added Pin To Net: NetName=GND Pin=C85-1
Added Pin To Net: NetName=GND Pin=C86-1
Added Pin To Net: NetName=GND Pin=Y1-2
Added Pin To Net: NetName=GND Pin=Y1-4
Added Pin To Net: NetName=NetC85_2 Pin=C85-2
Added Pin To Net: NetName=NetC85_2 Pin=U3-45
Added Pin To Net: NetName=NetC85_2 Pin=Y1-1
Added Net: Name=NetC85_2
Added Pin To Net: NetName=NetC86_2 Pin=C86-2
Added Pin To Net: NetName=NetC86_2 Pin=U3-46
Added Pin To Net: NetName=NetC86_2 Pin=Y1-3
Added Net: Name=NetC86_2
Added Member To Class: ClassName=Ethernet Member=Component C85 10pF
Added Member To Class: ClassName=Ethernet Member=Component C86 10pF
Added Member To Class: ClassName=Ethernet Member=Component Y1 ABM8G-25.000MHZ-18-D2Y-T
