Removed Pin From Net: NetName=GND Pin=R32-1
Removed Pin From Net: NetName=MPU_DSI_REXT Pin=R32-2
Removed Pin From Net: NetName=MPU_SPI3_CS Pin=R36-1
Removed Pin From Net: NetName=MPU1V8 Pin=R36-2
Removed Pin From Net: NetName=MPU_I2C12_SDA Pin=R37-1
Removed Pin From Net: NetName=3V3 Pin=R37-2
Removed Pin From Net: NetName=MPU_I2C12_SCL Pin=R38-1
Removed Pin From Net: NetName=3V3 Pin=R38-2
Removed Pin From Net: NetName=MPU_SD_DETECT Pin=R41-1
Removed Pin From Net: NetName=MPU1V8 Pin=R41-2
Removed Pin From Net: NetName=MPU_SDMMC0_CMD Pin=R42-1
Removed Pin From Net: NetName=MPU1V8 Pin=R42-2
Removed Pin From Net: NetName=MPU_QSPI_CS_SMARC Pin=R43-1
Removed Pin From Net: NetName=MPU1V8 Pin=R43-2
Removed Member From Class: ClassName=SAM9X75 Pinout Member=R32
Removed Member From Class: ClassName=SMARC Pinout-2 Member=R36
Removed Member From Class: ClassName=SAM9X75 Pinout Member=R37
Removed Member From Class: ClassName=SAM9X75 Pinout Member=R38
Removed Member From Class: ClassName=SMARC Pinout-2 Member=R41
Removed Member From Class: ClassName=SMARC Pinout-2 Member=R42
Removed Member From Class: ClassName=SMARC Pinout-2 Member=R43
Change Component Footprint: Designator=R29 Old Footprint=RES-0603 New Footprint=RES-0201
Change Component Footprint: Designator=R30 Old Footprint=RES-0603 New Footprint=RES-0201
Added Component: Designator=R31(RES-0201)
Added Component: Designator=R34(RES-0201)
Added Component: Designator=R?(RES-0201)
Added Component: Designator=R?(RES-0201)
Added Component: Designator=R?(RES-0201)
Added Component: Designator=R?(RES-0201)
Added Component: Designator=R?(RES-0201)
Added Pin To Net: NetName=MPU_I2C12_SDA Pin=R31-1
Added Pin To Net: NetName=3V3 Pin=R31-2
Added Pin To Net: NetName=MPU_I2C12_SCL Pin=R34-1
Added Pin To Net: NetName=3V3 Pin=R34-2
Added Pin To Net: NetName=GND Pin=R?-1
Added Pin To Net: NetName=MPU_QSPI_CS_SMARC Pin=R?-1
Added Pin To Net: NetName=MPU_SD_DETECT Pin=R?-1
Added Pin To Net: NetName=MPU_SDMMC0_CMD Pin=R?-1
Added Pin To Net: NetName=MPU_SPI3_CS Pin=R?-1
Added Pin To Net: NetName=MPU1V8 Pin=R?-2
Added Pin To Net: NetName=MPU1V8 Pin=R?-2
Added Pin To Net: NetName=MPU1V8 Pin=R?-2
Added Pin To Net: NetName=MPU1V8 Pin=R?-2
Added Pin To Net: NetName=MPU_DSI_REXT Pin=R?-2
Added Member To Class: ClassName=SAM9X75 Pinout Member=Component R31 4k7
Added Member To Class: ClassName=SAM9X75 Pinout Member=Component R34 4k7
Added Member To Class: ClassName=SAM9X75 Pinout Member=Component R? 4k7
Added Member To Class: ClassName=SMARC Pinout-2 Member=Component R? 4k7
Added Member To Class: ClassName=SMARC Pinout-2 Member=Component R? 4k7
Added Member To Class: ClassName=SMARC Pinout-2 Member=Component R? 4k7
Added Member To Class: ClassName=SMARC Pinout-2 Member=Component R? 4k7
