Removed Pin From Net: NetName=GND Pin=C87-1
Removed Pin From Net: NetName=GND Pin=C90-1
Removed Pin From Net: NetName=GND Pin=C91-1
Removed Pin From Net: NetName=GND Pin=C92-1
Removed Pin From Net: NetName=GND Pin=C93-1
Removed Pin From Net: NetName=GND Pin=C94-1
Removed Pin From Net: NetName=3V3 Pin=C94-2
Removed Pin From Net: NetName=GND Pin=C95-1
Removed Pin From Net: NetName=3V3 Pin=C95-2
Removed Pin From Net: NetName=GND Pin=C96-1
Removed Pin From Net: NetName=3V3 Pin=C96-2
Removed Pin From Net: NetName=GND Pin=C97-1
Removed Pin From Net: NetName=3V3 Pin=C97-2
Removed Pin From Net: NetName=GND Pin=D1-2
Removed Pin From Net: NetName=GND Pin=D2-2
Removed Pin From Net: NetName=GND Pin=D3-2
Removed Pin From Net: NetName=GND Pin=J2-A1-B12
Removed Pin From Net: NetName=GND Pin=J2-A12-B1
Removed Pin From Net: NetName=MPU_SDMMC0_DAT2 Pin=J3-1
Removed Pin From Net: NetName=MPU_SDMMC0_DAT3 Pin=J3-2
Removed Pin From Net: NetName=MPU_SDMMC0_CMD Pin=J3-3
Removed Pin From Net: NetName=3V3 Pin=J3-4
Removed Pin From Net: NetName=MPU_SDMMC0_CK Pin=J3-5
Removed Pin From Net: NetName=GND Pin=J3-6
Removed Pin From Net: NetName=MPU_SDMMC0_DAT0 Pin=J3-7
Removed Pin From Net: NetName=MPU_SDMMC0_DAT1 Pin=J3-8
Removed Pin From Net: NetName=MPU_SD_DETECT Pin=J3-9
Removed Pin From Net: NetName=GND Pin=J3-10
Removed Pin From Net: NetName=GND Pin=J3-10
Removed Pin From Net: NetName=GND Pin=J3-10
Removed Pin From Net: NetName=GND Pin=J3-10
Removed Pin From Net: NetName=GND Pin=R26-1
Removed Pin From Net: NetName=GND Pin=R27-1
Removed Pin From Net: NetName=MPU_SDMMC0_CMD Pin=R32-1
Removed Pin From Net: NetName=3V3 Pin=R32-2
Removed Pin From Net: NetName=MPU_SDMMC0_DAT0 Pin=R33-1
Removed Pin From Net: NetName=3V3 Pin=R33-2
Removed Pin From Net: NetName=MPU_SDMMC0_DAT1 Pin=R34-1
Removed Pin From Net: NetName=3V3 Pin=R34-2
Removed Pin From Net: NetName=MPU_SDMMC0_DAT2 Pin=R35-1
Removed Pin From Net: NetName=3V3 Pin=R35-2
Removed Pin From Net: NetName=MPU_SDMMC0_DAT3 Pin=R36-1
Removed Pin From Net: NetName=3V3 Pin=R36-2
Removed Pin From Net: NetName=MPU_SD_DETECT Pin=R37-1
Removed Pin From Net: NetName=3V3 Pin=R37-2
Removed Pin From Net: NetName=MPU_SD_DETECT Pin=TP1-1
Removed Pin From Net: NetName=MPU_SDMMC0_CK Pin=TP2-1
Removed Pin From Net: NetName=MPU_SDMMC0_CMD Pin=TP3-1
Removed Pin From Net: NetName=MPU_SDMMC0_DAT0 Pin=TP4-1
Removed Pin From Net: NetName=MPU_SDMMC0_DAT1 Pin=TP5-1
Removed Pin From Net: NetName=MPU_SDMMC0_DAT2 Pin=TP6-1
Removed Pin From Net: NetName=MPU_SDMMC0_DAT3 Pin=TP7-1
Removed Pin From Net: NetName=GND Pin=U4-20
Removed Pin From Net: NetName=GND Pin=U5-2
Removed Pin From Net: NetName=MPU_SD_DETECT Pin=U5-3
Removed Pin From Net: NetName=MPU_SDMMC0_CK Pin=U5-4
Removed Pin From Net: NetName=GND Pin=U5-5
Removed Pin From Net: NetName=MPU_SDMMC0_CMD Pin=U5-6
Removed Pin From Net: NetName=MPU_SDMMC0_DAT0 Pin=U6-1
Removed Pin From Net: NetName=GND Pin=U6-2
Removed Pin From Net: NetName=MPU_SDMMC0_DAT1 Pin=U6-3
Removed Pin From Net: NetName=MPU_SDMMC0_DAT2 Pin=U6-4
Removed Pin From Net: NetName=GND Pin=U6-5
Removed Pin From Net: NetName=MPU_SDMMC0_DAT3 Pin=U6-6
Removed Pin From Net: NetName=GND Pin=Y2-2
Removed Pin From Net: NetName=GND Pin=Y2-4
