Added Component: Designator=C12(CAP-0805)
Added Component: Designator=C13(CAP-0603)
Added Component: Designator=LED1(0603 LED)
Added Component: Designator=LED2(0603 LED)
Added Component: Designator=LED3(0603 LED)
Added Component: Designator=P1(SMTC-TSW-104-08-X-S)
Add component (AddParameter): Name = "ComponentLink1Description"; Value = "Manufacturer URL"; VariantName = "[No Variations]"
Add component (AddParameter): Name = "ComponentLink1URL"; Value = "http://www.samtec.com"; VariantName = "[No Variations]"
Add component (AddParameter): Name = "ComponentLink2Description"; Value = "Datasheet"; VariantName = "[No Variations]"
Add component (AddParameter): Name = "ComponentLink2URL"; Value = "http://www.samtec.com/documents/webfiles/pdf/TSW_TH.PDF"; VariantName = "[No Variations]"
Add component (AddParameter): Name = "ComponentLink3Description"; Value = "Package Specification"; VariantName = "[No Variations]"
Add component (AddParameter): Name = "ComponentLink3URL"; Value = "http://www.samtec.com/documents/webfiles/cpdf/TSW-XXX-XX-XXX-X-XX-XXX-MKT.pdf"; VariantName = "[No Variations]"
Add component (AddParameter): Name = "DatasheetVersion"; Value = "F-214"; VariantName = "[No Variations]"
Add component (AddParameter): Name = "Manufacturer"; Value = "Samtec"; VariantName = "[No Variations]"
Add component (AddParameter): Name = "Mounting Technology"; Value = "Through-hole"; VariantName = "[No Variations]"
Add component (AddParameter): Name = "Orientation"; Value = "Vertical"; VariantName = "[No Variations]"
Add component (AddParameter): Name = "PackageDescription"; Value = ".025[0.64] SQ. Post Terminal Strip Assembly"; VariantName = "[No Variations]"
Add component (AddParameter): Name = "PackageReference"; Value = "TSW-104-08-X-S"; VariantName = "[No Variations]"
Add component (AddParameter): Name = "PackageVersion"; Value = "DM, 8/1988"; VariantName = "[No Variations]"
Add component (AddParameter): Name = "PartNumber"; Value = "TSW-104-08-G-S"; VariantName = "[No Variations]"
Add component (AddParameter): Name = "Pitch"; Value = "2.54 mm"; VariantName = "[No Variations]"
Add component (AddParameter): Name = "RoHS"; Value = "True"; VariantName = "[No Variations]"
Add component (AddParameter): Name = "Temperature Range"; Value = "-55 to 125 degC"; VariantName = "[No Variations]"
Added Component: Designator=R26(RES-0603)
Added Component: Designator=R27(RES-0603)
Added Component: Designator=R28(RES-0603)
Added Component: Designator=R29(RES-0603)
Added Component: Designator=R30(RES-0603)
Added Component: Designator=R31(RES-0603)
Added Component: Designator=U4(AS5F34G04SNDA-08LIN)
Added Pin To Net: NetName=GND Pin=C12-1
Added Pin To Net: NetName=3V3 Pin=C12-2
Added Pin To Net: NetName=GND Pin=C13-1
Added Pin To Net: NetName=3V3 Pin=C13-2
Added Pin To Net: NetName=GND Pin=LED1-2
Added Pin To Net: NetName=GND Pin=LED2-2
Added Pin To Net: NetName=GND Pin=LED3-2
Added Pin To Net: NetName=GND Pin=P1-1
Added Pin To Net: NetName=3V3 Pin=P1-4
Added Pin To Net: NetName=3V3 Pin=R26-2
Added Pin To Net: NetName=3V3 Pin=R27-2
Added Pin To Net: NetName=3V3 Pin=R28-2
Added Pin To Net: NetName=GND Pin=U4-4
Added Pin To Net: NetName=3V3 Pin=U4-8
Added Pin To Net: NetName=DBG_UART_RX Pin=P1-2
Added Net: Name=DBG_UART_RX
Added Pin To Net: NetName=DBG_UART_TX Pin=P1-3
Added Net: Name=DBG_UART_TX
Added Pin To Net: NetName=NetLED1_1 Pin=LED1-1
Added Pin To Net: NetName=NetLED1_1 Pin=R29-1
Added Net: Name=NetLED1_1
Added Pin To Net: NetName=NetLED2_1 Pin=LED2-1
Added Pin To Net: NetName=NetLED2_1 Pin=R30-1
Added Net: Name=NetLED2_1
Added Pin To Net: NetName=NetLED3_1 Pin=LED3-1
Added Pin To Net: NetName=NetLED3_1 Pin=R31-1
Added Net: Name=NetLED3_1
Added Pin To Net: NetName=QSPI_FLASH_CLK Pin=U4-6
Added Net: Name=QSPI_FLASH_CLK
Added Pin To Net: NetName=QSPI_FLASH_CS Pin=R26-1
Added Pin To Net: NetName=QSPI_FLASH_CS Pin=U4-1
Added Net: Name=QSPI_FLASH_CS
Added Pin To Net: NetName=QSPI_FLASH_IO0 Pin=U4-5
Added Net: Name=QSPI_FLASH_IO0
Added Pin To Net: NetName=QSPI_FLASH_IO1 Pin=U4-2
Added Net: Name=QSPI_FLASH_IO1
Added Pin To Net: NetName=QSPI_FLASH_IO2 Pin=R27-1
Added Pin To Net: NetName=QSPI_FLASH_IO2 Pin=U4-3
Added Net: Name=QSPI_FLASH_IO2
Added Pin To Net: NetName=QSPI_FLASH_IO3 Pin=R28-1
Added Pin To Net: NetName=QSPI_FLASH_IO3 Pin=U4-7
Added Net: Name=QSPI_FLASH_IO3
Added Class: Name=Debug
Added Class: Name=Flash
Added Member To Class: ClassName=SAM9X75 PWR Member=Component C54 1uF
