Removed Pin From Net: NetName=3V3 Pin=C12-2
Removed Pin From Net: NetName=3V3 Pin=C13-2
Removed Pin From Net: NetName=3V3 Pin=C25-2
Removed Pin From Net: NetName=3V3 Pin=C26-2
Removed Pin From Net: NetName=3V3 Pin=C27-2
Removed Pin From Net: NetName=3V3 Pin=C28-2
Removed Pin From Net: NetName=MPU_DBGU_RX Pin=J1-P134
Removed Pin From Net: NetName=MPU_DBGU_TX Pin=J1-P135
Removed Pin From Net: NetName=GND Pin=R3-1
Removed Pin From Net: NetName=MPU_I2C0_SCL Pin=R4-1
Removed Pin From Net: NetName=MPU_I2C0_SDA Pin=R5-1
Removed Pin From Net: NetName=3V3 Pin=R26-2
Removed Pin From Net: NetName=3V3 Pin=R27-2
Removed Pin From Net: NetName=3V3 Pin=R28-2
Removed Pin From Net: NetName=MPU_CAN1_RX Pin=R33-1
Removed Pin From Net: NetName=MPU_CAN1_TX Pin=R33-2
Removed Pin From Net: NetName=MPU_I2C0_SDA Pin=U1-5
Removed Pin From Net: NetName=MPU_I2C0_SCL Pin=U1-6
Removed Pin From Net: NetName=MPU_NRST Pin=U2-A4
Removed Pin From Net: NetName=3V3 Pin=U2-C6
Removed Pin From Net: NetName=3V3 Pin=U2-E7
Removed Pin From Net: NetName=LCD_BKLT_PWM Pin=U2-G3
Removed Pin From Net: NetName=3V3 Pin=U2-R9
Removed Pin From Net: NetName=3V3 Pin=U2-R12
Removed Pin From Net: NetName=3V3 Pin=U4-8
Removed Member From Class: ClassName=SAM9X75 Pinout Member=R33
Change Component Footprint: Designator=C25 Old Footprint=CAP-0201 New Footprint=CAP-0805
Change Component Comment : Designator=C25 Old Comment=100nF New Comment=1uF
Change Component Comment : Designator=R33 Old Comment=120R New Comment=10k
Change Component Comment : Designator=U4 Old Comment=AS5F34G04SNDA-08LIN New Comment=AS5F14G04SND-10LIN
Added Component: Designator=C90(CAP-0201)
Added Component: Designator=C91(CAP-0603)
Added Component: Designator=C92(CAP-0603)
Added Component: Designator=R37(RES-0603)
Added Component: Designator=R38(RES-0603)
Added Component: Designator=R39(RES-0603)
Added Component: Designator=R40(RES-0603)
Added Component: Designator=U5(FP-DCU0008A-MFG)
Add component (AddParameter): Name = "Ambient Temperature Range High"; Value = "+85°C"; VariantName = "[No Variations]"
Add component (AddParameter): Name = "Ambient Temperature Range Low"; Value = "-40°C"; VariantName = "[No Variations]"
Add component (AddParameter): Name = "Automotive"; Value = "No"; VariantName = "[No Variations]"
Add component (AddParameter): Name = "Category"; Value = "IC"; VariantName = "[No Variations]"
Add component (AddParameter): Name = "ComponentLink2Description"; Value = "Datasheet"; VariantName = "[No Variations]"
Add component (AddParameter): Name = "ComponentLink2URL"; Value = "http://www.ti.com/lit/ds/symlink/txs0102.pdf"; VariantName = "[No Variations]"
Add component (AddParameter): Name = "Data Rate"; Value = "24Mbits/s"; VariantName = "[No Variations]"
Add component (AddParameter): Name = "Device Class L1"; Value = "Integrated Circuits (ICs)"; VariantName = "[No Variations]"
Add component (AddParameter): Name = "Device Class L2"; Value = "Logic ICs"; VariantName = "[No Variations]"
Add component (AddParameter): Name = "Device Class L3"; Value = "Voltage Level Shifters"; VariantName = "[No Variations]"
Add component (AddParameter): Name = "Digikey Description"; Value = "IC TRNSLTR BIDIRECTIONAL US8"; VariantName = "[No Variations]"
Add component (AddParameter): Name = "Height"; Value = "0.9mm"; VariantName = "[No Variations]"
Add component (AddParameter): Name = "Lead Free"; Value = "Yes"; VariantName = "[No Variations]"
Add component (AddParameter): Name = "Logic Function Desc"; Value = "Bidirectional Voltage-Level Translator"; VariantName = "[No Variations]"
Add component (AddParameter): Name = "Manufacturer"; Value = "Texas Instruments"; VariantName = "[No Variations]"
Add component (AddParameter): Name = "Manufacturer Part Number"; Value = "TXS0102DCUR"; VariantName = "[No Variations]"
Add component (AddParameter): Name = "Max Junction Temp"; Value = "+150°C"; VariantName = "[No Variations]"
Add component (AddParameter): Name = "Max Supply Voltage"; Value = "5.5V"; VariantName = "[No Variations]"
Add component (AddParameter): Name = "Min Supply Voltage"; Value = "1.65V"; VariantName = "[No Variations]"
Add component (AddParameter): Name = "Mouser Description"; Value = "Translation - Voltage Levels 2-Bit Bi-Directional Voltage-Level-Trans"; VariantName = "[No Variations]"
Add component (AddParameter): Name = "Nominal Supply Current"; Value = "1-14.4uA"; VariantName = "[No Variations]"
Add component (AddParameter): Name = "Number Of Circuits"; Value = "1"; VariantName = "[No Variations]"
Add component (AddParameter): Name = "Number Of Inputs"; Value = "2"; VariantName = "[No Variations]"
Add component (AddParameter): Name = "Number Of Outputs"; Value = "2"; VariantName = "[No Variations]"
Add component (AddParameter): Name = "Octopart"; Value = "https://octopart.com/txs0102dcur-texas+instruments-5414308"; VariantName = "[No Variations]"
Add component (AddParameter): Name = "Package"; Value = "DCU0008A"; VariantName = "[No Variations]"
Add component (AddParameter): Name = "RoHS"; Value = "TRUE"; VariantName = "[No Variations]"
Add component (AddParameter): Name = "Standoff Height"; Value = "0mm"; VariantName = "[No Variations]"
Add component (AddParameter): Name = "Temperature"; Value = "-40°C to +85°C"; VariantName = "[No Variations]"
Add component (AddParameter): Name = "Temperature Range High"; Value = "+85°C"; VariantName = "[No Variations]"
Add component (AddParameter): Name = "Temperature Range Low"; Value = "-40°C"; VariantName = "[No Variations]"
Add component (AddParameter): Name = "V A Max"; Value = "3.6V"; VariantName = "[No Variations]"
Add component (AddParameter): Name = "V A Min"; Value = "1.65V"; VariantName = "[No Variations]"
Add component (AddParameter): Name = "V B Max"; Value = "5.5V"; VariantName = "[No Variations]"
Add component (AddParameter): Name = "V B Min"; Value = "2.3V"; VariantName = "[No Variations]"
Added Pin To Net: NetName=GND Pin=C90-1
Added Pin To Net: NetName=GND Pin=C91-1
Added Pin To Net: NetName=GND Pin=C92-1
Added Pin To Net: NetName=3V3 Pin=C92-2
Added Pin To Net: NetName=MPU_NRST Pin=J1-P127
Added Pin To Net: NetName=MPU_DBGU_TX Pin=J1-P136
Added Pin To Net: NetName=MPU_DBGU_RX Pin=J1-P137
Added Pin To Net: NetName=3V3 Pin=R3-1
Added Pin To Net: NetName=MPU_I2C0_SDA Pin=R33-1
Added Pin To Net: NetName=3V3 Pin=R37-2
Added Pin To Net: NetName=3V3 Pin=R38-2
Added Pin To Net: NetName=MPU_I2C0_SCL Pin=R39-1
Added Pin To Net: NetName=GND Pin=R40-1
Added Pin To Net: NetName=LCD_BKLT_PWM Pin=U2-E2
Added Pin To Net: NetName=MPU_NRST Pin=U2-P5
Added Pin To Net: NetName=GND Pin=U5-2
Added Pin To Net: NetName=MPU_I2C0_SDA Pin=U5-4
Added Pin To Net: NetName=MPU_I2C0_SCL Pin=U5-5
Added Pin To Net: NetName=GND Pin=U5-6
Added Pin To Net: NetName=3V3 Pin=U5-7
Added Pin To Net: NetName=1V8 Pin=C12-2
Added Pin To Net: NetName=1V8 Pin=C13-2
Added Pin To Net: NetName=1V8 Pin=C15-2
Added Pin To Net: NetName=1V8 Pin=C25-2
Added Pin To Net: NetName=1V8 Pin=C26-2
Added Pin To Net: NetName=1V8 Pin=C27-2
Added Pin To Net: NetName=1V8 Pin=C28-2
Added Pin To Net: NetName=1V8 Pin=C90-2
Added Pin To Net: NetName=1V8 Pin=C91-2
Added Pin To Net: NetName=1V8 Pin=R26-2
Added Pin To Net: NetName=1V8 Pin=R27-2
Added Pin To Net: NetName=1V8 Pin=R28-2
Added Pin To Net: NetName=1V8 Pin=R33-2
Added Pin To Net: NetName=1V8 Pin=R39-2
Added Pin To Net: NetName=1V8 Pin=R40-2
Added Pin To Net: NetName=1V8 Pin=U1-19
Added Pin To Net: NetName=1V8 Pin=U2-C6
Added Pin To Net: NetName=1V8 Pin=U2-E7
Added Pin To Net: NetName=1V8 Pin=U2-R9
Added Pin To Net: NetName=1V8 Pin=U2-R12
Added Pin To Net: NetName=1V8 Pin=U4-8
Added Pin To Net: NetName=1V8 Pin=U5-3
Added Net: Name=1V8
Added Pin To Net: NetName=CARRIER_PWN_ON Pin=J1-S154
Added Net: Name=CARRIER_PWN_ON
Added Pin To Net: NetName=MPU_I2C12_SCL Pin=J1-S48
Added Pin To Net: NetName=MPU_I2C12_SCL Pin=R38-1
Added Pin To Net: NetName=MPU_I2C12_SCL Pin=U2-C10
Added Net: Name=MPU_I2C12_SCL
Added Pin To Net: NetName=MPU_I2C12_SDA Pin=J1-S49
Added Pin To Net: NetName=MPU_I2C12_SDA Pin=R37-1
Added Pin To Net: NetName=MPU_I2C12_SDA Pin=U2-A10
Added Net: Name=MPU_I2C12_SDA
Added Pin To Net: NetName=MPU_USART10_CTS Pin=J1-P131
Added Pin To Net: NetName=MPU_USART10_CTS Pin=U2-G3
Added Net: Name=MPU_USART10_CTS
Added Pin To Net: NetName=MPU_USART10_RTS Pin=J1-P132
Added Pin To Net: NetName=MPU_USART10_RTS Pin=U2-D1
Added Net: Name=MPU_USART10_RTS
Added Pin To Net: NetName=MPU_USART10_RXD Pin=J1-P130
Added Pin To Net: NetName=MPU_USART10_RXD Pin=U2-G4
Added Net: Name=MPU_USART10_RXD
Added Pin To Net: NetName=MPU_USART10_TXD Pin=J1-P129
Added Pin To Net: NetName=MPU_USART10_TXD Pin=U2-E1
Added Net: Name=MPU_USART10_TXD
Added Pin To Net: NetName=PMIC_I2C_SCL Pin=R4-1
Added Pin To Net: NetName=PMIC_I2C_SCL Pin=U1-6
Added Pin To Net: NetName=PMIC_I2C_SCL Pin=U5-8
Added Net: Name=PMIC_I2C_SCL
Added Pin To Net: NetName=PMIC_I2C_SDA Pin=R5-1
Added Pin To Net: NetName=PMIC_I2C_SDA Pin=U1-5
Added Pin To Net: NetName=PMIC_I2C_SDA Pin=U5-1
Added Net: Name=PMIC_I2C_SDA
Added Pin To Net: NetName=VIN_PWR_BAD# Pin=J1-S150
Added Net: Name=VIN_PWR_BAD#
Added Class: Name=Level Shifting
Added Member To Class: ClassName=SAM9X75 PWR Member=Component C56 100nF
Added Member To Class: ClassName=SAM9X75 PWR Member=Component C90 100nF
Added Member To Class: ClassName=SAM9X75 Pinout Member=Component R37 4k7
Added Member To Class: ClassName=SAM9X75 Pinout Member=Component R38 4k7
Added Member To Class: ClassName=SAM9X75 PWR Member=Component U2 SAM9X75D2GT
Added Member To Class: ClassName=Ethernet Member=Component U3 KSZ9131RNX
Added Rule: Name=Schematic Supply Nets_3
